// Jest Snapshot v1, https://goo.gl/fbAQLP

exports[`<Main /> Renders the heading 1`] = `
.c0 {
  color: #171923;
  min-height: 100vh;
  display: -webkit-box;
  display: -webkit-flex;
  display: -ms-flexbox;
  display: flex;
  -webkit-align-items: center;
  -webkit-box-align: center;
  -ms-flex-align: center;
  align-items: center;
  -webkit-box-pack: center;
  -webkit-justify-content: center;
  -ms-flex-pack: center;
  justify-content: center;
  -webkit-flex-direction: column;
  -ms-flex-direction: column;
  flex-direction: column;
  gap: 1.25rem;
}

.c0 h1 {
  font-size: 2rem;
  font-weight: 700;
  text-transform: uppercase;
}

<main
  class="c0"
>
  <h1>
    Genesis Boilerplate
  </h1>
  <p>
    NextJS Boilerplate for my personal and comercial projects
  </p>
</main>
`

exports[`<Main /> Renders the paragraph 1`] = `
.c0 {
  color: #171923;
  min-height: 100vh;
  display: -webkit-box;
  display: -webkit-flex;
  display: -ms-flexbox;
  display: flex;
  -webkit-align-items: center;
  -webkit-box-align: center;
  -ms-flex-align: center;
  align-items: center;
  -webkit-box-pack: center;
  -webkit-justify-content: center;
  -ms-flex-pack: center;
  justify-content: center;
  -webkit-flex-direction: column;
  -ms-flex-direction: column;
  flex-direction: column;
  gap: 1.25rem;
}

.c0 h1 {
  font-size: 2rem;
  font-weight: 700;
  text-transform: uppercase;
}

<main
  class="c0"
>
  <h1>
    Genesis Boilerplate
  </h1>
  <p>
    NextJS Boilerplate for my personal and comercial projects
  </p>
</main>
`
